src/modules/map/kzm_map_engine.ts(72,23): error TS6133: 'event' is declared but its value is never read.
src/modules/map/kzm_map_engine.ts(91,42): error TS2322: Type 'LatLng' is not assignable to type 'LatLngTuple'.
src/modules/map/kzm_map_engine.ts(91,54): error TS2322: Type 'LatLng' is not assignable to type 'LatLngTuple'.
src/modules/map/kzm_map_engine.ts(103,38): error TS2322: Type 'LatLng' is not assignable to type 'LatLngTuple'.
src/modules/map/kzm_map_engine.ts(103,50): error TS2322: Type 'LatLng' is not assignable to type 'LatLngTuple'.
src/modules/state/kzm_graph_engine.ts(1,21): error TS2307: Cannot find module '../domain/kzm_domain' or its corresponding type declarations.
src/modules/state/kzm_graph_engine.ts(36,25): error TS7006: Parameter 't' implicitly has an 'any' type.
src/modules/state/kzm_graph_engine.ts(42,52): error TS7006: Parameter 't' implicitly has an 'any' type.
src/modules/state/kzm_graph_engine.ts(47,42): error TS7006: Parameter 't' implicitly has an 'any' type.
src/modules/sync/kzm_audio_processor.ts(1,1): error TS6133: 'Kzm' is declared but its value is never read.
src/modules/sync/kzm_audio_processor.ts(1,21): error TS2307: Cannot find module '../domain/kzm_domain' or its corresponding type declarations.
