src/main.ts(2,23): error TS2307: Cannot find module './modules/persistence/kzm_persistence' or its corresponding type declarations.
src/main.ts(3,24): error TS2307: Cannot find module './modules/store/kzm_reactive_store' or its corresponding type declarations.
src/modules/db/kzm_persistence.ts(1,21): error TS2307: Cannot find module '../domain/kzm_domain' or its corresponding type declarations.
src/modules/map/kzm_map_engine.ts(3,21): error TS2307: Cannot find module '../domain/kzm_domain' or its corresponding type declarations.
src/modules/map/kzm_map_engine.ts(4,24): error TS2307: Cannot find module '../store/kzm_reactive_store' or its corresponding type declarations.
src/modules/map/kzm_map_engine.ts(65,23): error TS7006: Parameter 'event' implicitly has an 'any' type.
src/modules/map/kzm_map_engine.ts(167,37): error TS7006: Parameter 'r' implicitly has an 'any' type.
src/modules/map/kzm_map_engine.ts(186,22): error TS7006: Parameter 'r' implicitly has an 'any' type.
src/modules/map/kzm_map_engine.ts(228,73): error TS7006: Parameter 'r' implicitly has an 'any' type.
src/modules/map/kzm_map_engine.ts(234,25): error TS7006: Parameter 'edge' implicitly has an 'any' type.
src/modules/map/kzm_map_engine.ts(235,39): error TS7006: Parameter 'n' implicitly has an 'any' type.
src/modules/map/kzm_map_engine.ts(236,39): error TS7006: Parameter 'n' implicitly has an 'any' type.
src/modules/map/ui/kzm_action_bar.ts(2,1): error TS6133: '$map' is declared but its value is never read.
src/modules/map/ui/kzm_action_bar.ts(13,11): error TS6133: 'selectionBar' is declared but its value is never read.
src/modules/map/ui/kzm_action_bar.ts(40,28): error TS2339: Property 'onclick' does not exist on type 'Element'.
src/modules/map/ui/kzm_action_bar.ts(41,30): error TS2339: Property 'onclick' does not exist on type 'Element'.
src/modules/state/kzm_reactive_store.ts(1,21): error TS2307: Cannot find module '../domain/kzm_domain' or its corresponding type declarations.
src/modules/state/kzm_reactive_store.ts(122,47): error TS7006: Parameter 't' implicitly has an 'any' type.
src/modules/sync/kzm_audio_processor.ts(1,1): error TS6133: 'Kzm' is declared but its value is never read.
src/modules/sync/kzm_audio_processor.ts(1,21): error TS2307: Cannot find module '../domain/kzm_domain' or its corresponding type declarations.
src/modules/sync/kzm_sync_engine.ts(1,24): error TS2307: Cannot find module '../store/kzm_reactive_store' or its corresponding type declarations.
src/modules/sync/kzm_sync_engine.ts(2,21): error TS2307: Cannot find module '../domain/kzm_domain' or its corresponding type declarations.
src/modules/sync/kzm_transaction_manager.ts(1,21): error TS2307: Cannot find module '../domain/kzm_domain' or its corresponding type declarations.
src/modules/sync/kzm_transaction_manager.ts(2,23): error TS2307: Cannot find module '../persistence/kzm_persistence' or its corresponding type declarations.
src/modules/ui/components/kzm_navigator.ts(1,1): error TS6133: '$map' is declared but its value is never read.
src/modules/ui/components/kzm_navigator.ts(55,12): error TS2339: Property 'onclick' does not exist on type 'Element'.
src/modules/ui/kzm_app_shell.ts(1,21): error TS2307: Cannot find module '../domain/kzm_domain' or its corresponding type declarations.
src/modules/ui/kzm_app_shell.ts(2,24): error TS2307: Cannot find module '../store/kzm_reactive_store' or its corresponding type declarations.
src/modules/ui/kzm_app_shell.ts(4,27): error TS2307: Cannot find module '../locker/kzm_locker' or its corresponding type declarations.
src/modules/ui/kzm_app_shell.ts(129,23): error TS7006: Parameter 'event' implicitly has an 'any' type.
src/modules/ui/kzm_app_shell.ts(258,38): error TS7006: Parameter 'r' implicitly has an 'any' type.
